exports[`NodeList component renders ok 1`] = `
ShallowWrapper {
  "complexSelector": ComplexSelector {
    "buildPredicate": [Function],
    "childrenOfNode": [Function],
    "findWhereUnwrapped": [Function],
  },
  "length": 1,
  "node": <Connect(Droppable)
    name="nodelist">
    <div
        className="node-list">
        <Node
            label="undefined" />
    </div>
</Connect(Droppable)>,
  "nodes": Array [
    <Connect(Droppable)
      name="nodelist">
      <div
            className="node-list">
            <Node
                  label="undefined" />
      </div>
</Connect(Droppable)>,
  ],
  "options": Object {},
  "renderer": ReactShallowRenderer {
    "_instance": ShallowComponentWrapper {
      "_calledComponentWillUnmount": false,
      "_compositeType": 0,
      "_context": Object {},
      "_currentElement": <NodeList
        network={
                Object {
                        "nodes": Array [
                          Object {
                            "name": "test",
                          },
                        ],
                      }
        } />,
      "_debugID": 1,
      "_hostContainerInfo": null,
      "_hostParent": null,
      "_instance": NodeList {
        "_reactInternalInstance": [Circular],
        "context": Object {},
        "props": Object {
          "network": Object {
            "nodes": Array [
              Object {
                "name": "test",
              },
            ],
          },
        },
        "refs": Object {},
        "state": null,
        "updater": Object {
          "enqueueCallback": [Function],
          "enqueueCallbackInternal": [Function],
          "enqueueElementInternal": [Function],
          "enqueueForceUpdate": [Function],
          "enqueueReplaceState": [Function],
          "enqueueSetState": [Function],
          "isMounted": [Function],
          "validateCallback": [Function],
        },
      },
      "_mountOrder": 1,
      "_pendingCallbacks": null,
      "_pendingElement": null,
      "_pendingForceUpdate": false,
      "_pendingReplaceState": false,
      "_pendingStateQueue": null,
      "_renderedComponent": NoopInternalComponent {
        "_currentElement": <Connect(Droppable)
          name="nodelist">
          <div
                    className="node-list">
                    <Node
                              label="undefined" />
          </div>
</Connect(Droppable)>,
        "_debugID": 2,
        "_renderedOutput": <Connect(Droppable)
          name="nodelist">
          <div
                    className="node-list">
                    <Node
                              label="undefined" />
          </div>
</Connect(Droppable)>,
      },
      "_renderedNodeType": 1,
      "_rootNodeID": 0,
      "_topLevelWrapper": null,
      "_updateBatchNumber": null,
      "_warnedAboutRefsInRender": false,
    },
    "getRenderOutput": [Function],
    "render": [Function],
  },
  "root": [Circular],
  "unrendered": <NodeList
    network={
        Object {
            "nodes": Array [
              Object {
                "name": "test",
              },
            ],
          }
    } />,
}
`;
