// Jest Snapshot v1, https://goo.gl/fbAQLP

exports[`<NodeBucket /> renders ok 1`] = `
ShallowWrapper {
  "complexSelector": ComplexSelector {
    "buildPredicate": [Function],
    "childrenOfNode": [Function],
    "findWhereUnwrapped": [Function],
  },
  "length": 1,
  "node": <div
    className="node-bucket"
>
    <DragSource
        allowDrag={true}
        label={undefined}
        meta={[Function]}
    />
</div>,
  "nodes": Array [
    <div
      className="node-bucket"
>
      <DragSource
            allowDrag={true}
            label={undefined}
            meta={[Function]}
      />
</div>,
  ],
  "options": Object {},
  "renderer": ReactShallowRenderer {
    "_instance": ShallowComponentWrapper {
      "_calledComponentWillUnmount": false,
      "_compositeType": 0,
      "_context": Object {},
      "_currentElement": <NodeBucket
        allowPositioning={false}
        allowSelect={false}
        canCreateEdge={false}
        canHighlight={false}
        concentricCircles={0}
        createEdge="bar"
        displayEdges={Array []}
        highlightAttributes={Object {}}
        layout="foo"
        layoutVariable="foo"
        node={Object {}}
        nodeBinSortOrder={Object {}}
        selectMode=""
        skewedTowardCenter={false}
        sort={Object {}}
        updateNode={[Function]}
/>,
      "_debugID": 1,
      "_hostContainerInfo": null,
      "_hostParent": null,
      "_instance": NodeBucket {
        "_reactInternalInstance": [Circular],
        "context": Object {},
        "props": Object {
          "allowPositioning": false,
          "allowSelect": false,
          "canCreateEdge": false,
          "canHighlight": false,
          "concentricCircles": 0,
          "createEdge": "bar",
          "displayEdges": Array [],
          "highlightAttributes": Object {},
          "layout": "foo",
          "layoutVariable": "foo",
          "node": Object {},
          "nodeBinSortOrder": Object {},
          "selectMode": "",
          "skewedTowardCenter": false,
          "sort": Object {},
          "updateNode": [Function],
        },
        "refs": Object {},
        "state": null,
        "updater": Object {
          "enqueueCallback": [Function],
          "enqueueCallbackInternal": [Function],
          "enqueueElementInternal": [Function],
          "enqueueForceUpdate": [Function],
          "enqueueReplaceState": [Function],
          "enqueueSetState": [Function],
          "isMounted": [Function],
          "validateCallback": [Function],
        },
      },
      "_mountOrder": 1,
      "_pendingCallbacks": null,
      "_pendingElement": null,
      "_pendingForceUpdate": false,
      "_pendingReplaceState": false,
      "_pendingStateQueue": null,
      "_renderedComponent": NoopInternalComponent {
        "_currentElement": <div
          className="node-bucket"
>
          <DragSource
                    allowDrag={true}
                    label={undefined}
                    meta={[Function]}
          />
</div>,
        "_debugID": 2,
        "_renderedOutput": <div
          className="node-bucket"
>
          <DragSource
                    allowDrag={true}
                    label={undefined}
                    meta={[Function]}
          />
</div>,
      },
      "_renderedNodeType": 0,
      "_rootNodeID": 0,
      "_topLevelWrapper": null,
      "_updateBatchNumber": null,
      "_warnedAboutRefsInRender": false,
    },
    "getRenderOutput": [Function],
    "render": [Function],
  },
  "root": [Circular],
  "unrendered": <NodeBucket
    allowPositioning={false}
    allowSelect={false}
    canCreateEdge={false}
    canHighlight={false}
    concentricCircles={0}
    createEdge="bar"
    displayEdges={Array []}
    highlightAttributes={Object {}}
    layout="foo"
    layoutVariable="foo"
    node={Object {}}
    nodeBinSortOrder={Object {}}
    selectMode=""
    skewedTowardCenter={false}
    sort={Object {}}
    updateNode={[Function]}
/>,
}
`;
