exports[`<Sociogram /> renders ok 1`] = `
ShallowWrapper {
  "complexSelector": ComplexSelector {
    "buildPredicate": [Function],
    "childrenOfNode": [Function],
    "findWhereUnwrapped": [Function],
  },
  "length": 1,
  "node": <div
    className="sociogram">
    <SociogramBackground
        image={null}
        n={4}
        skewed={true} />
    <Connect(Component)
        attributes={null}
        edge={null}
        layout={undefined}
        position={[Function]}
        select={null} />
    <Connect(NodeBucket)
        layout={undefined}
        sort={null} />
    <div
        style={
            Object {
                "bottom": "20px",
                "position": "absolute",
                "right": 0,
              }
        }>
        <Button
            color=""
            content=""
            icon=""
            iconPosition="right"
            onClick={[Function]}
            size="">
            Reset Layout
        </Button>
    </div>
</div>,
  "nodes": Array [
    <div
      className="sociogram">
      <SociogramBackground
            image={null}
            n={4}
            skewed={true} />
      <Connect(Component)
            attributes={null}
            edge={null}
            layout={undefined}
            position={[Function]}
            select={null} />
      <Connect(NodeBucket)
            layout={undefined}
            sort={null} />
      <div
            style={
                  Object {
                        "bottom": "20px",
                        "position": "absolute",
                        "right": 0,
                      }
            }>
            <Button
                  color=""
                  content=""
                  icon=""
                  iconPosition="right"
                  onClick={[Function]}
                  size="">
                  Reset Layout
            </Button>
      </div>
</div>,
  ],
  "options": Object {},
  "renderer": ReactShallowRenderer {
    "_instance": ShallowComponentWrapper {
      "_calledComponentWillUnmount": false,
      "_compositeType": 2,
      "_context": Object {},
      "_currentElement": <Sociogram
        edge={null}
        nodeAttributes={null}
        position={[Function]}
        select={null}
        sort={null}>
        Foo
</Sociogram>,
      "_debugID": 1,
      "_hostContainerInfo": null,
      "_hostParent": null,
      "_instance": StatelessComponent {
        "_reactInternalInstance": [Circular],
        "context": Object {},
        "props": Object {
          "children": "Foo",
          "edge": null,
          "nodeAttributes": null,
          "position": [Function],
          "select": null,
          "sort": null,
        },
        "refs": Object {},
        "state": null,
        "updater": Object {
          "enqueueCallback": [Function],
          "enqueueCallbackInternal": [Function],
          "enqueueElementInternal": [Function],
          "enqueueForceUpdate": [Function],
          "enqueueReplaceState": [Function],
          "enqueueSetState": [Function],
          "isMounted": [Function],
          "validateCallback": [Function],
        },
      },
      "_mountOrder": 1,
      "_pendingCallbacks": null,
      "_pendingElement": null,
      "_pendingForceUpdate": false,
      "_pendingReplaceState": false,
      "_pendingStateQueue": null,
      "_renderedComponent": NoopInternalComponent {
        "_currentElement": <div
          className="sociogram">
          <SociogramBackground
                    image={null}
                    n={4}
                    skewed={true} />
          <Connect(Component)
                    attributes={null}
                    edge={null}
                    layout={undefined}
                    position={[Function]}
                    select={null} />
          <Connect(NodeBucket)
                    layout={undefined}
                    sort={null} />
          <div
                    style={
                              Object {
                                        "bottom": "20px",
                                        "position": "absolute",
                                        "right": 0,
                                      }
                    }>
                    <Button
                              color=""
                              content=""
                              icon=""
                              iconPosition="right"
                              onClick={[Function]}
                              size="">
                              Reset Layout
                    </Button>
          </div>
</div>,
        "_debugID": 2,
        "_renderedOutput": <div
          className="sociogram">
          <SociogramBackground
                    image={null}
                    n={4}
                    skewed={true} />
          <Connect(Component)
                    attributes={null}
                    edge={null}
                    layout={undefined}
                    position={[Function]}
                    select={null} />
          <Connect(NodeBucket)
                    layout={undefined}
                    sort={null} />
          <div
                    style={
                              Object {
                                        "bottom": "20px",
                                        "position": "absolute",
                                        "right": 0,
                                      }
                    }>
                    <Button
                              color=""
                              content=""
                              icon=""
                              iconPosition="right"
                              onClick={[Function]}
                              size="">
                              Reset Layout
                    </Button>
          </div>
</div>,
      },
      "_renderedNodeType": 0,
      "_rootNodeID": 0,
      "_topLevelWrapper": null,
      "_updateBatchNumber": null,
      "_warnedAboutRefsInRender": false,
    },
    "getRenderOutput": [Function],
    "render": [Function],
  },
  "root": [Circular],
  "unrendered": <Sociogram
    edge={null}
    nodeAttributes={null}
    position={[Function]}
    select={null}
    sort={null}>
    Foo
</Sociogram>,
}
`;
