// Jest Snapshot v1, https://goo.gl/fbAQLP

exports[`<LayoutNode /> renders ok 1`] = `
ShallowWrapper {
  "length": 1,
  Symbol(enzyme.__root__): [Circular],
  Symbol(enzyme.__unrendered__): <LayoutNode
    allowPositioning={false}
    allowSelect={false}
    areaHeight={40}
    areaWidth={100}
    draggableType="bar"
    layoutVariable="foo"
    node={
        Object {
            "foo": Object {
              "x": 0.77,
              "y": 0.2,
            },
          }
    }
    onDropped={[Function]}
    onSelected={[Function]}
    selected={false}
    updateNode={[Function]}
/>,
  Symbol(enzyme.__renderer__): Object {
    "batchedUpdates": [Function],
    "getNode": [Function],
    "render": [Function],
    "simulateEvent": [Function],
    "unmount": [Function],
  },
  Symbol(enzyme.__node__): Object {
    "instance": null,
    "key": undefined,
    "nodeType": "host",
    "props": Object {
      "children": <DragSource
        allowDrag={false}
        allowSelect={false}
        animate={false}
        foo={
                Object {
                        "x": 0.77,
                        "y": 0.2,
                      }
        }
        label={undefined}
        meta={[Function]}
        onSelected={[Function]}
        selected={false}
/>,
      "className": "node-layout__node",
      "style": Object {
        "left": 0,
        "top": 0,
        "transform": "translate(calc(77px - 50%), calc(8px - 50%))",
      },
    },
    "ref": null,
    "rendered": Object {
      "instance": null,
      "key": undefined,
      "nodeType": "class",
      "props": Object {
        "allowDrag": false,
        "allowSelect": false,
        "animate": false,
        "foo": Object {
          "x": 0.77,
          "y": 0.2,
        },
        "label": undefined,
        "meta": [Function],
        "onSelected": [Function],
        "selected": false,
      },
      "ref": null,
      "rendered": null,
      "type": [Function],
    },
    "type": "div",
  },
  Symbol(enzyme.__nodes__): Array [
    Object {
      "instance": null,
      "key": undefined,
      "nodeType": "host",
      "props": Object {
        "children": <DragSource
          allowDrag={false}
          allowSelect={false}
          animate={false}
          foo={
                    Object {
                              "x": 0.77,
                              "y": 0.2,
                            }
          }
          label={undefined}
          meta={[Function]}
          onSelected={[Function]}
          selected={false}
/>,
        "className": "node-layout__node",
        "style": Object {
          "left": 0,
          "top": 0,
          "transform": "translate(calc(77px - 50%), calc(8px - 50%))",
        },
      },
      "ref": null,
      "rendered": Object {
        "instance": null,
        "key": undefined,
        "nodeType": "class",
        "props": Object {
          "allowDrag": false,
          "allowSelect": false,
          "animate": false,
          "foo": Object {
            "x": 0.77,
            "y": 0.2,
          },
          "label": undefined,
          "meta": [Function],
          "onSelected": [Function],
          "selected": false,
        },
        "ref": null,
        "rendered": null,
        "type": [Function],
      },
      "type": "div",
    },
  ],
  Symbol(enzyme.__options__): Object {
    "adapter": ReactSixteenAdapter {
      "options": Object {
        "enableComponentDidUpdateOnSetState": true,
      },
    },
  },
}
`;
