// Jest Snapshot v1, https://goo.gl/fbAQLP

exports[`<Radar /> renders ok 1`] = `
ShallowWrapper {
  "length": 1,
  Symbol(enzyme.__root__): [Circular],
  Symbol(enzyme.__unrendered__): <Radar
    n={5}
    skewed={true}
/>,
  Symbol(enzyme.__renderer__): Object {
    "batchedUpdates": [Function],
    "getNode": [Function],
    "render": [Function],
    "simulateEvent": [Function],
    "unmount": [Function],
  },
  Symbol(enzyme.__node__): Object {
    "instance": null,
    "key": undefined,
    "nodeType": "host",
    "props": Object {
      "children": Array [
        <circle
          className="sociogram-radar__range"
          cx="50"
          cy="50"
          fill="#302C5B"
          r={50}
/>,
        <circle
          className="sociogram-radar__range"
          cx="50"
          cy="50"
          fill="#323062"
          r={43.54101966249685}
/>,
        <circle
          className="sociogram-radar__range"
          cx="50"
          cy="50"
          fill="#353368"
          r={36.547375096555626}
/>,
        <circle
          className="sociogram-radar__range"
          cx="50"
          cy="50"
          fill="#37376F"
          r={28.717082451262844}
/>,
        <circle
          className="sociogram-radar__range"
          cx="50"
          cy="50"
          fill="#3A3A75"
          r={19.270509831248425}
/>,
      ],
      "className": "sociogram-radar",
      "viewBox": "0 0 100 100",
      "xmlns": "http://www.w3.org/2000/svg",
    },
    "ref": null,
    "rendered": Array [
      Object {
        "instance": null,
        "key": "0",
        "nodeType": "host",
        "props": Object {
          "className": "sociogram-radar__range",
          "cx": "50",
          "cy": "50",
          "fill": "#302C5B",
          "r": 50,
        },
        "ref": null,
        "rendered": null,
        "type": "circle",
      },
      Object {
        "instance": null,
        "key": "1",
        "nodeType": "host",
        "props": Object {
          "className": "sociogram-radar__range",
          "cx": "50",
          "cy": "50",
          "fill": "#323062",
          "r": 43.54101966249685,
        },
        "ref": null,
        "rendered": null,
        "type": "circle",
      },
      Object {
        "instance": null,
        "key": "2",
        "nodeType": "host",
        "props": Object {
          "className": "sociogram-radar__range",
          "cx": "50",
          "cy": "50",
          "fill": "#353368",
          "r": 36.547375096555626,
        },
        "ref": null,
        "rendered": null,
        "type": "circle",
      },
      Object {
        "instance": null,
        "key": "3",
        "nodeType": "host",
        "props": Object {
          "className": "sociogram-radar__range",
          "cx": "50",
          "cy": "50",
          "fill": "#37376F",
          "r": 28.717082451262844,
        },
        "ref": null,
        "rendered": null,
        "type": "circle",
      },
      Object {
        "instance": null,
        "key": "4",
        "nodeType": "host",
        "props": Object {
          "className": "sociogram-radar__range",
          "cx": "50",
          "cy": "50",
          "fill": "#3A3A75",
          "r": 19.270509831248425,
        },
        "ref": null,
        "rendered": null,
        "type": "circle",
      },
    ],
    "type": "svg",
  },
  Symbol(enzyme.__nodes__): Array [
    Object {
      "instance": null,
      "key": undefined,
      "nodeType": "host",
      "props": Object {
        "children": Array [
          <circle
            className="sociogram-radar__range"
            cx="50"
            cy="50"
            fill="#302C5B"
            r={50}
/>,
          <circle
            className="sociogram-radar__range"
            cx="50"
            cy="50"
            fill="#323062"
            r={43.54101966249685}
/>,
          <circle
            className="sociogram-radar__range"
            cx="50"
            cy="50"
            fill="#353368"
            r={36.547375096555626}
/>,
          <circle
            className="sociogram-radar__range"
            cx="50"
            cy="50"
            fill="#37376F"
            r={28.717082451262844}
/>,
          <circle
            className="sociogram-radar__range"
            cx="50"
            cy="50"
            fill="#3A3A75"
            r={19.270509831248425}
/>,
        ],
        "className": "sociogram-radar",
        "viewBox": "0 0 100 100",
        "xmlns": "http://www.w3.org/2000/svg",
      },
      "ref": null,
      "rendered": Array [
        Object {
          "instance": null,
          "key": "0",
          "nodeType": "host",
          "props": Object {
            "className": "sociogram-radar__range",
            "cx": "50",
            "cy": "50",
            "fill": "#302C5B",
            "r": 50,
          },
          "ref": null,
          "rendered": null,
          "type": "circle",
        },
        Object {
          "instance": null,
          "key": "1",
          "nodeType": "host",
          "props": Object {
            "className": "sociogram-radar__range",
            "cx": "50",
            "cy": "50",
            "fill": "#323062",
            "r": 43.54101966249685,
          },
          "ref": null,
          "rendered": null,
          "type": "circle",
        },
        Object {
          "instance": null,
          "key": "2",
          "nodeType": "host",
          "props": Object {
            "className": "sociogram-radar__range",
            "cx": "50",
            "cy": "50",
            "fill": "#353368",
            "r": 36.547375096555626,
          },
          "ref": null,
          "rendered": null,
          "type": "circle",
        },
        Object {
          "instance": null,
          "key": "3",
          "nodeType": "host",
          "props": Object {
            "className": "sociogram-radar__range",
            "cx": "50",
            "cy": "50",
            "fill": "#37376F",
            "r": 28.717082451262844,
          },
          "ref": null,
          "rendered": null,
          "type": "circle",
        },
        Object {
          "instance": null,
          "key": "4",
          "nodeType": "host",
          "props": Object {
            "className": "sociogram-radar__range",
            "cx": "50",
            "cy": "50",
            "fill": "#3A3A75",
            "r": 19.270509831248425,
          },
          "ref": null,
          "rendered": null,
          "type": "circle",
        },
      ],
      "type": "svg",
    },
  ],
  Symbol(enzyme.__options__): Object {
    "adapter": ReactSixteenAdapter {
      "options": Object {
        "enableComponentDidUpdateOnSetState": true,
      },
    },
  },
}
`;
