// Jest Snapshot v1, https://goo.gl/fbAQLP

exports[`<SlideFormNode /> should render 1`] = `
ShallowWrapper {
  Symbol(enzyme.__root__): [Circular],
  Symbol(enzyme.__unrendered__): <SlideForm
    form={
      Object {
        "entity": "node",
        "title": "alpha",
        "type": "person",
      }
    }
    index={0}
    node={
      Object {
        "name": "Bob",
      }
    }
    onUpdate={[Function]}
  />,
  Symbol(enzyme.__renderer__): Object {
    "batchedUpdates": [Function],
    "getNode": [Function],
    "render": [Function],
    "simulateError": [Function],
    "simulateEvent": [Function],
    "unmount": [Function],
  },
  Symbol(enzyme.__node__): Object {
    "instance": null,
    "key": undefined,
    "nodeType": "host",
    "props": Object {
      "children": <div
        className="slide-content"
      >
        <Connect(Node)
          name="Bob"
        />
        <div
          className="alter-form__form-container"
        >
          <Scroller
            className=""
            onScroll={[Function]}
          >
            <Connect(AutoInitialisedForm)
              autoFocus={false}
              className="alter-form__form"
              controls={Array []}
              entity="node"
              form="NODE_FORM_1"
              initialValues={undefined}
              onSubmit={[Function]}
              title="alpha"
              type="person"
            />
          </Scroller>
        </div>
      </div>,
      "className": "swiper-slide",
    },
    "ref": null,
    "rendered": Object {
      "instance": null,
      "key": undefined,
      "nodeType": "host",
      "props": Object {
        "children": Array [
          <Connect(Node)
            name="Bob"
          />,
          <div
            className="alter-form__form-container"
          >
            <Scroller
              className=""
              onScroll={[Function]}
            >
              <Connect(AutoInitialisedForm)
                autoFocus={false}
                className="alter-form__form"
                controls={Array []}
                entity="node"
                form="NODE_FORM_1"
                initialValues={undefined}
                onSubmit={[Function]}
                title="alpha"
                type="person"
              />
            </Scroller>
          </div>,
        ],
        "className": "slide-content",
      },
      "ref": null,
      "rendered": Array [
        Object {
          "instance": null,
          "key": undefined,
          "nodeType": "class",
          "props": Object {
            "name": "Bob",
          },
          "ref": null,
          "rendered": null,
          "type": [Function],
        },
        Object {
          "instance": null,
          "key": undefined,
          "nodeType": "host",
          "props": Object {
            "children": <Scroller
              className=""
              onScroll={[Function]}
            >
              <Connect(AutoInitialisedForm)
                autoFocus={false}
                className="alter-form__form"
                controls={Array []}
                entity="node"
                form="NODE_FORM_1"
                initialValues={undefined}
                onSubmit={[Function]}
                title="alpha"
                type="person"
              />
            </Scroller>,
            "className": "alter-form__form-container",
          },
          "ref": null,
          "rendered": Object {
            "instance": null,
            "key": undefined,
            "nodeType": "class",
            "props": Object {
              "children": <Connect(AutoInitialisedForm)
                autoFocus={false}
                className="alter-form__form"
                controls={Array []}
                entity="node"
                form="NODE_FORM_1"
                initialValues={undefined}
                onSubmit={[Function]}
                title="alpha"
                type="person"
              />,
              "className": "",
              "onScroll": [Function],
            },
            "ref": null,
            "rendered": Object {
              "instance": null,
              "key": undefined,
              "nodeType": "class",
              "props": Object {
                "autoFocus": false,
                "className": "alter-form__form",
                "controls": Array [],
                "entity": "node",
                "form": "NODE_FORM_1",
                "initialValues": undefined,
                "onSubmit": [Function],
                "title": "alpha",
                "type": "person",
              },
              "ref": null,
              "rendered": null,
              "type": [Function],
            },
            "type": [Function],
          },
          "type": "div",
        },
      ],
      "type": "div",
    },
    "type": "div",
  },
  Symbol(enzyme.__nodes__): Array [
    Object {
      "instance": null,
      "key": undefined,
      "nodeType": "host",
      "props": Object {
        "children": <div
          className="slide-content"
        >
          <Connect(Node)
            name="Bob"
          />
          <div
            className="alter-form__form-container"
          >
            <Scroller
              className=""
              onScroll={[Function]}
            >
              <Connect(AutoInitialisedForm)
                autoFocus={false}
                className="alter-form__form"
                controls={Array []}
                entity="node"
                form="NODE_FORM_1"
                initialValues={undefined}
                onSubmit={[Function]}
                title="alpha"
                type="person"
              />
            </Scroller>
          </div>
        </div>,
        "className": "swiper-slide",
      },
      "ref": null,
      "rendered": Object {
        "instance": null,
        "key": undefined,
        "nodeType": "host",
        "props": Object {
          "children": Array [
            <Connect(Node)
              name="Bob"
            />,
            <div
              className="alter-form__form-container"
            >
              <Scroller
                className=""
                onScroll={[Function]}
              >
                <Connect(AutoInitialisedForm)
                  autoFocus={false}
                  className="alter-form__form"
                  controls={Array []}
                  entity="node"
                  form="NODE_FORM_1"
                  initialValues={undefined}
                  onSubmit={[Function]}
                  title="alpha"
                  type="person"
                />
              </Scroller>
            </div>,
          ],
          "className": "slide-content",
        },
        "ref": null,
        "rendered": Array [
          Object {
            "instance": null,
            "key": undefined,
            "nodeType": "class",
            "props": Object {
              "name": "Bob",
            },
            "ref": null,
            "rendered": null,
            "type": [Function],
          },
          Object {
            "instance": null,
            "key": undefined,
            "nodeType": "host",
            "props": Object {
              "children": <Scroller
                className=""
                onScroll={[Function]}
              >
                <Connect(AutoInitialisedForm)
                  autoFocus={false}
                  className="alter-form__form"
                  controls={Array []}
                  entity="node"
                  form="NODE_FORM_1"
                  initialValues={undefined}
                  onSubmit={[Function]}
                  title="alpha"
                  type="person"
                />
              </Scroller>,
              "className": "alter-form__form-container",
            },
            "ref": null,
            "rendered": Object {
              "instance": null,
              "key": undefined,
              "nodeType": "class",
              "props": Object {
                "children": <Connect(AutoInitialisedForm)
                  autoFocus={false}
                  className="alter-form__form"
                  controls={Array []}
                  entity="node"
                  form="NODE_FORM_1"
                  initialValues={undefined}
                  onSubmit={[Function]}
                  title="alpha"
                  type="person"
                />,
                "className": "",
                "onScroll": [Function],
              },
              "ref": null,
              "rendered": Object {
                "instance": null,
                "key": undefined,
                "nodeType": "class",
                "props": Object {
                  "autoFocus": false,
                  "className": "alter-form__form",
                  "controls": Array [],
                  "entity": "node",
                  "form": "NODE_FORM_1",
                  "initialValues": undefined,
                  "onSubmit": [Function],
                  "title": "alpha",
                  "type": "person",
                },
                "ref": null,
                "rendered": null,
                "type": [Function],
              },
              "type": [Function],
            },
            "type": "div",
          },
        ],
        "type": "div",
      },
      "type": "div",
    },
  ],
  Symbol(enzyme.__options__): Object {
    "adapter": ReactSixteenAdapter {
      "options": Object {
        "enableComponentDidUpdateOnSetState": true,
        "lifecycles": Object {
          "componentDidUpdate": Object {
            "onSetState": true,
          },
          "getDerivedStateFromProps": true,
          "getSnapshotBeforeUpdate": true,
          "setState": Object {
            "skipsComponentDidUpdateOnNullish": true,
          },
        },
      },
    },
  },
}
`;
