// Jest Snapshot v1, https://goo.gl/fbAQLP

exports[`<EdgeLayout /> renders ok 1`] = `
ShallowWrapper {
  Symbol(enzyme.__root__): [Circular],
  Symbol(enzyme.__unrendered__): <EdgeLayout
    displayEdges={Array []}
    edges={
      Array [
        Object {
          "from": Object {
            "x": 100,
            "y": 100,
          },
          "key": "foo_bar_baz",
          "to": Object {
            "x": 100,
            "y": 100,
          },
          "type": "type",
        },
      ]
    }
    layout="foo"
  />,
  Symbol(enzyme.__renderer__): Object {
    "batchedUpdates": [Function],
    "checkPropTypes": [Function],
    "getNode": [Function],
    "render": [Function],
    "simulateError": [Function],
    "simulateEvent": [Function],
    "unmount": [Function],
  },
  Symbol(enzyme.__node__): Object {
    "instance": null,
    "key": undefined,
    "nodeType": "host",
    "props": Object {
      "children": <svg
        preserveAspectRatio="none"
        viewBox="0 0 100 100"
        xmlns="http://www.w3.org/2000/svg"
      >
        <Connect(Edge)
          from={
            Object {
              "x": 100,
              "y": 100,
            }
          }
          to={
            Object {
              "x": 100,
              "y": 100,
            }
          }
          type="type"
          viewBoxScale={100}
        />
      </svg>,
      "className": "edge-layout",
    },
    "ref": null,
    "rendered": Object {
      "instance": null,
      "key": undefined,
      "nodeType": "host",
      "props": Object {
        "children": Array [
          <Connect(Edge)
            from={
              Object {
                "x": 100,
                "y": 100,
              }
            }
            to={
              Object {
                "x": 100,
                "y": 100,
              }
            }
            type="type"
            viewBoxScale={100}
          />,
        ],
        "preserveAspectRatio": "none",
        "viewBox": "0 0 100 100",
        "xmlns": "http://www.w3.org/2000/svg",
      },
      "ref": null,
      "rendered": Array [
        Object {
          "instance": null,
          "key": "foo_bar_baz",
          "nodeType": "class",
          "props": Object {
            "from": Object {
              "x": 100,
              "y": 100,
            },
            "to": Object {
              "x": 100,
              "y": 100,
            },
            "type": "type",
            "viewBoxScale": 100,
          },
          "ref": null,
          "rendered": null,
          "type": [Function],
        },
      ],
      "type": "svg",
    },
    "type": "div",
  },
  Symbol(enzyme.__nodes__): Array [
    Object {
      "instance": null,
      "key": undefined,
      "nodeType": "host",
      "props": Object {
        "children": <svg
          preserveAspectRatio="none"
          viewBox="0 0 100 100"
          xmlns="http://www.w3.org/2000/svg"
        >
          <Connect(Edge)
            from={
              Object {
                "x": 100,
                "y": 100,
              }
            }
            to={
              Object {
                "x": 100,
                "y": 100,
              }
            }
            type="type"
            viewBoxScale={100}
          />
        </svg>,
        "className": "edge-layout",
      },
      "ref": null,
      "rendered": Object {
        "instance": null,
        "key": undefined,
        "nodeType": "host",
        "props": Object {
          "children": Array [
            <Connect(Edge)
              from={
                Object {
                  "x": 100,
                  "y": 100,
                }
              }
              to={
                Object {
                  "x": 100,
                  "y": 100,
                }
              }
              type="type"
              viewBoxScale={100}
            />,
          ],
          "preserveAspectRatio": "none",
          "viewBox": "0 0 100 100",
          "xmlns": "http://www.w3.org/2000/svg",
        },
        "ref": null,
        "rendered": Array [
          Object {
            "instance": null,
            "key": "foo_bar_baz",
            "nodeType": "class",
            "props": Object {
              "from": Object {
                "x": 100,
                "y": 100,
              },
              "to": Object {
                "x": 100,
                "y": 100,
              },
              "type": "type",
              "viewBoxScale": 100,
            },
            "ref": null,
            "rendered": null,
            "type": [Function],
          },
        ],
        "type": "svg",
      },
      "type": "div",
    },
  ],
  Symbol(enzyme.__options__): Object {
    "adapter": ReactSixteenAdapter {
      "options": Object {
        "enableComponentDidUpdateOnSetState": true,
        "legacyContextMode": "parent",
        "lifecycles": Object {
          "componentDidUpdate": Object {
            "onSetState": true,
          },
          "getChildContext": Object {
            "calledByRenderer": false,
          },
          "getDerivedStateFromError": true,
          "getDerivedStateFromProps": Object {
            "hasShouldComponentUpdateBug": false,
          },
          "getSnapshotBeforeUpdate": true,
          "setState": Object {
            "skipsComponentDidUpdateOnNullish": true,
          },
        },
      },
    },
    Symbol(enzyme.__providerValues__): undefined,
  },
  Symbol(enzyme.__providerValues__): Map {},
  Symbol(enzyme.__childContext__): null,
}
`;
