// Jest Snapshot v1, https://goo.gl/fbAQLP

exports[`export data function should create valid xml for network data 1`] = `
"<graphml xmlns=\\"http://graphml.graphdrawing.org/xmlns\\" xmlns:xsi=\\"http://www.w3.org/2001/XMLSchema-instance\\" xsi:schemaLocation=\\"http://graphml.graphdrawing.org/xmlns
http://graphml.graphdrawing.org/xmlns/1.0/graphml.xsd\\">
  <key id=\\"x\\" attr.name=\\"x\\" attr.type=\\"double\\" for=\\"node\\"></key><key id=\\"y\\" attr.name=\\"y\\" attr.type=\\"double\\" for=\\"node\\"></key><key id=\\"type\\" attr.name=\\"type\\" attr.type=\\"string\\" for=\\"node\\"></key><key id=\\"name\\" attr.name=\\"name\\" attr.type=\\"string\\" for=\\"node\\"></key><key id=\\"aString\\" attr.name=\\"aString\\" attr.type=\\"string\\" for=\\"node\\"></key><key id=\\"aNumber\\" attr.name=\\"aNumber\\" attr.type=\\"integer\\" for=\\"node\\"></key><key id=\\"bNumber\\" attr.name=\\"bNumber\\" attr.type=\\"double\\" for=\\"node\\"></key><key id=\\"cNumber\\" attr.name=\\"cNumber\\" attr.type=\\"double\\" for=\\"node\\"></key><key id=\\"aBoolean\\" attr.name=\\"aBoolean\\" attr.type=\\"boolean\\" for=\\"node\\"></key><key id=\\"aDatetime\\" attr.name=\\"aDatetime\\" attr.type=\\"string\\" for=\\"node\\"></key><key id=\\"aCategorical\\" attr.name=\\"aCategorical\\" attr.type=\\"string\\" for=\\"node\\"></key><key id=\\"aOrdinal\\" attr.name=\\"aOrdinal\\" attr.type=\\"integer\\" for=\\"node\\"></key><key id=\\"aLayoutX\\" attr.name=\\"aLayoutX\\" attr.type=\\"double\\" for=\\"node\\"></key><key id=\\"aLayoutY\\" attr.name=\\"aLayoutY\\" attr.type=\\"double\\" for=\\"node\\"></key><key id=\\"aLocation\\" attr.name=\\"aLocation\\" attr.type=\\"string\\" for=\\"node\\"></key><key id=\\"type\\" attr.name=\\"type\\" attr.type=\\"string\\" for=\\"edge\\"></key><key id=\\"connected\\" attr.name=\\"connected\\" attr.type=\\"boolean\\" for=\\"edge\\"></key><graph edgedefault=\\"undirected\\">
 <node id=\\"1\\"><data key=\\"type\\">person</data><data key=\\"name\\">soAndSo</data><data key=\\"aString\\">content</data><data key=\\"aNumber\\">123</data><data key=\\"bNumber\\">0.33</data><data key=\\"cNumber\\">3</data><data key=\\"aBoolean\\">true</data><data key=\\"aDatetime\\">1529349451847</data><data key=\\"aCategorical\\">24</data><data key=\\"aOrdinal\\">1</data><data key=\\"aLayoutX\\">0.4134</data><data key=\\"aLayoutY\\">0.2356</data><data key=\\"aLocation\\">{\\"latitude\\":41.799756,\\"longitude\\":-87.66443}</data><data key=\\"x\\">423.3216</data><data key=\\"y\\">587.0591999999999</data></node><node id=\\"2\\"><data key=\\"type\\">person</data><data key=\\"name\\">whoDunnit</data><data key=\\"aString\\">Another Content</data><data key=\\"aNumber\\">456</data><data key=\\"bNumber\\">1.8</data><data key=\\"cNumber\\">33</data><data key=\\"aBoolean\\">false</data><data key=\\"aDatetime\\">1529343481847</data><data key=\\"aCategorical\\">77</data><data key=\\"aOrdinal\\">2</data><data key=\\"aLayoutX\\">0.3434</data><data key=\\"aLayoutY\\">0.3156</data><data key=\\"aLocation\\">{\\"latitude\\":44.9756,\\"longitude\\":18.443}</data><data key=\\"x\\">351.6416</data><data key=\\"y\\">525.6192</data></node><node id=\\"3\\"><data key=\\"type\\">person</data><data key=\\"name\\">whatsErName</data><data key=\\"aString\\">More Content</data><data key=\\"aNumber\\">789</data><data key=\\"bNumber\\">0.43</data><data key=\\"cNumber\\">0.1</data><data key=\\"aBoolean\\">true</data><data key=\\"aDatetime\\">1579349481847</data><data key=\\"aCategorical\\">34</data><data key=\\"aOrdinal\\">-1</data><data key=\\"aLayoutX\\">0.1134</data><data key=\\"aLayoutY\\">0.7356</data><data key=\\"aLocation\\">{\\"latitude\\":13.9756,\\"longitude\\":-27.443}</data><data key=\\"x\\">116.1216</data><data key=\\"y\\">203.05919999999998</data></node><edge id=\\"0\\" source=\\"2\\" target=\\"1\\"><data key=\\"type\\">friend</data><data key=\\"connected\\">true</data></edge></graph>
 </graphml>"
`;
