// Jest Snapshot v1, https://goo.gl/fbAQLP

exports[`CategoricalList component renders categorical list 1`] = `
ShallowWrapper {
  Symbol(enzyme.__root__): [Circular],
  Symbol(enzyme.__unrendered__): <CategoricalList
    bins={
      Array [
        Object {
          "label": "one",
          "nodes": Array [
            1,
            2,
            3,
          ],
          "value": 1,
        },
        Object {
          "label": "two",
          "nodes": Array [
            4,
            5,
          ],
          "value": 2,
        },
      ]
    }
    isDragging={false}
    meta={Object {}}
    prompt={
      Object {
        "id": 1,
      }
    }
    stage={
      Object {
        "id": 1,
      }
    }
  />,
  Symbol(enzyme.__renderer__): Object {
    "batchedUpdates": [Function],
    "getNode": [Function],
    "render": [Function],
    "simulateError": [Function],
    "simulateEvent": [Function],
    "unmount": [Function],
  },
  Symbol(enzyme.__node__): Object {
    "instance": null,
    "key": undefined,
    "nodeType": "host",
    "props": Object {
      "children": <Flipper
        applyTransformOrigin={true}
        element="div"
        flipKey=""
      >
        <div
          className="categorical-list__content"
          style={
            Object {
              "--num-categorical-items": 2,
            }
          }
        >
          <withState(withProps(DropTarget))
            accentColor={null}
            details={[Function]}
            id="CATBIN_ITEM_1_1_0"
            isExpanded={false}
            label="one"
            nodes={
              Array [
                1,
                2,
                3,
              ]
            }
            onClick={[Function]}
            onDrop={[Function]}
            sortOrder={undefined}
          />
          <withState(withProps(DropTarget))
            accentColor={undefined}
            details={[Function]}
            id="CATBIN_ITEM_1_1_1"
            isExpanded={false}
            label="two"
            nodes={
              Array [
                4,
                5,
              ]
            }
            onClick={[Function]}
            onDrop={[Function]}
            sortOrder={undefined}
          />
        </div>
      </Flipper>,
      "className": "categorical-list",
      "onClick": [Function],
    },
    "ref": null,
    "rendered": Object {
      "instance": null,
      "key": undefined,
      "nodeType": "class",
      "props": Object {
        "applyTransformOrigin": true,
        "children": <div
          className="categorical-list__content"
          style={
            Object {
              "--num-categorical-items": 2,
            }
          }
        >
          <withState(withProps(DropTarget))
            accentColor={null}
            details={[Function]}
            id="CATBIN_ITEM_1_1_0"
            isExpanded={false}
            label="one"
            nodes={
              Array [
                1,
                2,
                3,
              ]
            }
            onClick={[Function]}
            onDrop={[Function]}
            sortOrder={undefined}
          />
          <withState(withProps(DropTarget))
            accentColor={undefined}
            details={[Function]}
            id="CATBIN_ITEM_1_1_1"
            isExpanded={false}
            label="two"
            nodes={
              Array [
                4,
                5,
              ]
            }
            onClick={[Function]}
            onDrop={[Function]}
            sortOrder={undefined}
          />
        </div>,
        "element": "div",
        "flipKey": "",
      },
      "ref": null,
      "rendered": Object {
        "instance": null,
        "key": undefined,
        "nodeType": "host",
        "props": Object {
          "children": Array [
            <withState(withProps(DropTarget))
              accentColor={null}
              details={[Function]}
              id="CATBIN_ITEM_1_1_0"
              isExpanded={false}
              label="one"
              nodes={
                Array [
                  1,
                  2,
                  3,
                ]
              }
              onClick={[Function]}
              onDrop={[Function]}
              sortOrder={undefined}
            />,
            <withState(withProps(DropTarget))
              accentColor={undefined}
              details={[Function]}
              id="CATBIN_ITEM_1_1_1"
              isExpanded={false}
              label="two"
              nodes={
                Array [
                  4,
                  5,
                ]
              }
              onClick={[Function]}
              onDrop={[Function]}
              sortOrder={undefined}
            />,
          ],
          "className": "categorical-list__content",
          "style": Object {
            "--num-categorical-items": 2,
          },
        },
        "ref": null,
        "rendered": Array [
          Object {
            "instance": null,
            "key": "0",
            "nodeType": "class",
            "props": Object {
              "accentColor": null,
              "details": [Function],
              "id": "CATBIN_ITEM_1_1_0",
              "isExpanded": false,
              "label": "one",
              "nodes": Array [
                1,
                2,
                3,
              ],
              "onClick": [Function],
              "onDrop": [Function],
              "sortOrder": undefined,
            },
            "ref": null,
            "rendered": null,
            "type": [Function],
          },
          Object {
            "instance": null,
            "key": "1",
            "nodeType": "class",
            "props": Object {
              "accentColor": undefined,
              "details": [Function],
              "id": "CATBIN_ITEM_1_1_1",
              "isExpanded": false,
              "label": "two",
              "nodes": Array [
                4,
                5,
              ],
              "onClick": [Function],
              "onDrop": [Function],
              "sortOrder": undefined,
            },
            "ref": null,
            "rendered": null,
            "type": [Function],
          },
        ],
        "type": "div",
      },
      "type": [Function],
    },
    "type": "div",
  },
  Symbol(enzyme.__nodes__): Array [
    Object {
      "instance": null,
      "key": undefined,
      "nodeType": "host",
      "props": Object {
        "children": <Flipper
          applyTransformOrigin={true}
          element="div"
          flipKey=""
        >
          <div
            className="categorical-list__content"
            style={
              Object {
                "--num-categorical-items": 2,
              }
            }
          >
            <withState(withProps(DropTarget))
              accentColor={null}
              details={[Function]}
              id="CATBIN_ITEM_1_1_0"
              isExpanded={false}
              label="one"
              nodes={
                Array [
                  1,
                  2,
                  3,
                ]
              }
              onClick={[Function]}
              onDrop={[Function]}
              sortOrder={undefined}
            />
            <withState(withProps(DropTarget))
              accentColor={undefined}
              details={[Function]}
              id="CATBIN_ITEM_1_1_1"
              isExpanded={false}
              label="two"
              nodes={
                Array [
                  4,
                  5,
                ]
              }
              onClick={[Function]}
              onDrop={[Function]}
              sortOrder={undefined}
            />
          </div>
        </Flipper>,
        "className": "categorical-list",
        "onClick": [Function],
      },
      "ref": null,
      "rendered": Object {
        "instance": null,
        "key": undefined,
        "nodeType": "class",
        "props": Object {
          "applyTransformOrigin": true,
          "children": <div
            className="categorical-list__content"
            style={
              Object {
                "--num-categorical-items": 2,
              }
            }
          >
            <withState(withProps(DropTarget))
              accentColor={null}
              details={[Function]}
              id="CATBIN_ITEM_1_1_0"
              isExpanded={false}
              label="one"
              nodes={
                Array [
                  1,
                  2,
                  3,
                ]
              }
              onClick={[Function]}
              onDrop={[Function]}
              sortOrder={undefined}
            />
            <withState(withProps(DropTarget))
              accentColor={undefined}
              details={[Function]}
              id="CATBIN_ITEM_1_1_1"
              isExpanded={false}
              label="two"
              nodes={
                Array [
                  4,
                  5,
                ]
              }
              onClick={[Function]}
              onDrop={[Function]}
              sortOrder={undefined}
            />
          </div>,
          "element": "div",
          "flipKey": "",
        },
        "ref": null,
        "rendered": Object {
          "instance": null,
          "key": undefined,
          "nodeType": "host",
          "props": Object {
            "children": Array [
              <withState(withProps(DropTarget))
                accentColor={null}
                details={[Function]}
                id="CATBIN_ITEM_1_1_0"
                isExpanded={false}
                label="one"
                nodes={
                  Array [
                    1,
                    2,
                    3,
                  ]
                }
                onClick={[Function]}
                onDrop={[Function]}
                sortOrder={undefined}
              />,
              <withState(withProps(DropTarget))
                accentColor={undefined}
                details={[Function]}
                id="CATBIN_ITEM_1_1_1"
                isExpanded={false}
                label="two"
                nodes={
                  Array [
                    4,
                    5,
                  ]
                }
                onClick={[Function]}
                onDrop={[Function]}
                sortOrder={undefined}
              />,
            ],
            "className": "categorical-list__content",
            "style": Object {
              "--num-categorical-items": 2,
            },
          },
          "ref": null,
          "rendered": Array [
            Object {
              "instance": null,
              "key": "0",
              "nodeType": "class",
              "props": Object {
                "accentColor": null,
                "details": [Function],
                "id": "CATBIN_ITEM_1_1_0",
                "isExpanded": false,
                "label": "one",
                "nodes": Array [
                  1,
                  2,
                  3,
                ],
                "onClick": [Function],
                "onDrop": [Function],
                "sortOrder": undefined,
              },
              "ref": null,
              "rendered": null,
              "type": [Function],
            },
            Object {
              "instance": null,
              "key": "1",
              "nodeType": "class",
              "props": Object {
                "accentColor": undefined,
                "details": [Function],
                "id": "CATBIN_ITEM_1_1_1",
                "isExpanded": false,
                "label": "two",
                "nodes": Array [
                  4,
                  5,
                ],
                "onClick": [Function],
                "onDrop": [Function],
                "sortOrder": undefined,
              },
              "ref": null,
              "rendered": null,
              "type": [Function],
            },
          ],
          "type": "div",
        },
        "type": [Function],
      },
      "type": "div",
    },
  ],
  Symbol(enzyme.__options__): Object {
    "adapter": ReactSixteenAdapter {
      "options": Object {
        "enableComponentDidUpdateOnSetState": true,
        "lifecycles": Object {
          "componentDidUpdate": Object {
            "onSetState": true,
          },
          "getDerivedStateFromProps": true,
          "getSnapshotBeforeUpdate": true,
          "setState": Object {
            "skipsComponentDidUpdateOnNullish": true,
          },
        },
      },
    },
  },
}
`;
