// Jest Snapshot v1, https://goo.gl/fbAQLP

exports[`<NodeBucket /> renders ok 1`] = `
ShallowWrapper {
  Symbol(enzyme.__root__): [Circular],
  Symbol(enzyme.__unrendered__): <NodeBucket
    allowPositioning={true}
    allowSelect={false}
    canCreateEdge={false}
    canHighlight={false}
    concentricCircles={0}
    createEdge="bar"
    displayEdges={Array []}
    getLabel={[Function]}
    highlightAttributes={Object {}}
    layout="foo"
    layoutVariable="foo"
    node={
      Object {
        "label": "some label",
      }
    }
    selectMode=""
    skewedTowardCenter={false}
    sort={Object {}}
    sortOrder={Array []}
    updateNode={[Function]}
  />,
  Symbol(enzyme.__renderer__): Object {
    "batchedUpdates": [Function],
    "getNode": [Function],
    "render": [Function],
    "simulateEvent": [Function],
    "unmount": [Function],
  },
  Symbol(enzyme.__node__): Object {
    "instance": null,
    "key": undefined,
    "nodeType": "host",
    "props": Object {
      "children": <DragSource
        allowDrag={true}
        label="some label"
        meta={[Function]}
        scrollDirection="NO_SCROLL"
      />,
      "className": "node-bucket",
    },
    "ref": null,
    "rendered": Object {
      "instance": null,
      "key": undefined,
      "nodeType": "class",
      "props": Object {
        "allowDrag": true,
        "label": "some label",
        "meta": [Function],
        "scrollDirection": "NO_SCROLL",
      },
      "ref": null,
      "rendered": null,
      "type": [Function],
    },
    "type": "div",
  },
  Symbol(enzyme.__nodes__): Array [
    Object {
      "instance": null,
      "key": undefined,
      "nodeType": "host",
      "props": Object {
        "children": <DragSource
          allowDrag={true}
          label="some label"
          meta={[Function]}
          scrollDirection="NO_SCROLL"
        />,
        "className": "node-bucket",
      },
      "ref": null,
      "rendered": Object {
        "instance": null,
        "key": undefined,
        "nodeType": "class",
        "props": Object {
          "allowDrag": true,
          "label": "some label",
          "meta": [Function],
          "scrollDirection": "NO_SCROLL",
        },
        "ref": null,
        "rendered": null,
        "type": [Function],
      },
      "type": "div",
    },
  ],
  Symbol(enzyme.__options__): Object {
    "adapter": ReactSixteenAdapter {
      "options": Object {
        "enableComponentDidUpdateOnSetState": true,
        "lifecycles": Object {
          "componentDidUpdate": Object {
            "onSetState": true,
          },
          "getDerivedStateFromProps": true,
          "getSnapshotBeforeUpdate": true,
          "setState": Object {
            "skipsComponentDidUpdateOnNullish": true,
          },
        },
      },
    },
    "attachTo": undefined,
    "hydrateIn": undefined,
  },
}
`;
