// Jest Snapshot v1, https://goo.gl/fbAQLP

exports[`CardList component renders cards with list 1`] = `
ShallowWrapper {
  "length": 1,
  Symbol(enzyme.__root__): [Circular],
  Symbol(enzyme.__unrendered__): <Scrollable
    details={[Function]}
    label={[Function]}
    nodes={
        Array [
            Object {
              "age": "22",
              "name": "a name",
              "uid": "a",
            },
            Object {
              "age": "88",
              "name": "b name",
              "uid": "b",
            },
            Object {
              "age": "33",
              "name": "c name",
              "uid": "c",
            },
          ]
    }
    onToggleCard={[Function]}
    selected={[Function]}
/>,
  Symbol(enzyme.__renderer__): Object {
    "batchedUpdates": [Function],
    "getNode": [Function],
    "render": [Function],
    "simulateEvent": [Function],
    "unmount": [Function],
  },
  Symbol(enzyme.__node__): Object {
    "instance": null,
    "key": undefined,
    "nodeType": "host",
    "props": Object {
      "children": <CardList
        details={[Function]}
        label={[Function]}
        nodes={
                Array [
                        Object {
                          "age": "22",
                          "name": "a name",
                          "uid": "a",
                        },
                        Object {
                          "age": "88",
                          "name": "b name",
                          "uid": "b",
                        },
                        Object {
                          "age": "33",
                          "name": "c name",
                          "uid": "c",
                        },
                      ]
        }
        onToggleCard={[Function]}
        scrollTop={[Function]}
        selected={[Function]}
/>,
      "className": "scrollable",
    },
    "ref": [Function],
    "rendered": Object {
      "instance": null,
      "key": undefined,
      "nodeType": "function",
      "props": Object {
        "details": [Function],
        "label": [Function],
        "nodes": Array [
          Object {
            "age": "22",
            "name": "a name",
            "uid": "a",
          },
          Object {
            "age": "88",
            "name": "b name",
            "uid": "b",
          },
          Object {
            "age": "33",
            "name": "c name",
            "uid": "c",
          },
        ],
        "onToggleCard": [Function],
        "scrollTop": [Function],
        "selected": [Function],
      },
      "ref": null,
      "rendered": null,
      "type": [Function],
    },
    "type": "div",
  },
  Symbol(enzyme.__nodes__): Array [
    Object {
      "instance": null,
      "key": undefined,
      "nodeType": "host",
      "props": Object {
        "children": <CardList
          details={[Function]}
          label={[Function]}
          nodes={
                    Array [
                              Object {
                                "age": "22",
                                "name": "a name",
                                "uid": "a",
                              },
                              Object {
                                "age": "88",
                                "name": "b name",
                                "uid": "b",
                              },
                              Object {
                                "age": "33",
                                "name": "c name",
                                "uid": "c",
                              },
                            ]
          }
          onToggleCard={[Function]}
          scrollTop={[Function]}
          selected={[Function]}
/>,
        "className": "scrollable",
      },
      "ref": [Function],
      "rendered": Object {
        "instance": null,
        "key": undefined,
        "nodeType": "function",
        "props": Object {
          "details": [Function],
          "label": [Function],
          "nodes": Array [
            Object {
              "age": "22",
              "name": "a name",
              "uid": "a",
            },
            Object {
              "age": "88",
              "name": "b name",
              "uid": "b",
            },
            Object {
              "age": "33",
              "name": "c name",
              "uid": "c",
            },
          ],
          "onToggleCard": [Function],
          "scrollTop": [Function],
          "selected": [Function],
        },
        "ref": null,
        "rendered": null,
        "type": [Function],
      },
      "type": "div",
    },
  ],
  Symbol(enzyme.__options__): Object {
    "adapter": ReactSixteenAdapter {
      "options": Object {
        "enableComponentDidUpdateOnSetState": true,
      },
    },
  },
}
`;
