// Jest Snapshot v1, https://goo.gl/fbAQLP

exports[`CardList component renders cards with list 1`] = `
<ContextProvider
  value={
    Object {
      "store": Object {
        "dispatch": [Function],
        "getState": [Function],
        "replaceReducer": [Function],
        "subscribe": [Function],
        Symbol(observable): [Function],
      },
      "subscription": Subscription {
        "handleChangeWrapper": [Function],
        "listeners": Object {
          "notify": [Function],
        },
        "onStateChange": [Function],
        "parentSub": undefined,
        "store": Object {
          "dispatch": [Function],
          "getState": [Function],
          "replaceReducer": [Function],
          "subscribe": [Function],
          Symbol(observable): [Function],
        },
        "unsubscribe": null,
      },
    }
  }
>
  <Connect(CardList)
    details={[Function]}
    label={[Function]}
    nodes={
      Array [
        Object {
          "age": "22",
          "name": "a name",
          "uid": "a",
        },
        Object {
          "age": "88",
          "name": "b name",
          "uid": "b",
        },
        Object {
          "age": "33",
          "name": "c name",
          "uid": "c",
        },
      ]
    }
    onToggleCard={[Function]}
    selected={[Function]}
  />
</ContextProvider>
`;
