// Jest Snapshot v1, https://goo.gl/fbAQLP

exports[`NodeBin component renders ok 1`] = `
<Portal
  containerInfo={<body />}
>
  <withProps(DropTarget)
    store={
      Object {
        "dispatch": [Function],
        "getState": [Function],
        "replaceReducer": [Function],
        "subscribe": [Function],
        Symbol(observable): [Function],
      }
    }
    windowRoot={null}
  />
</Portal>
`;
