// Jest Snapshot v1, https://goo.gl/fbAQLP

exports[`Panels component renders ok 1`] = `
ShallowWrapper {
  "length": 1,
  Symbol(enzyme.__root__): [Circular],
  Symbol(enzyme.__unrendered__): <Panel
    highlight={null}
    minimise={false}
    title=""
>
    <span>
        foo
    </span>
</Panel>,
  Symbol(enzyme.__renderer__): Object {
    "batchedUpdates": [Function],
    "getNode": [Function],
    "render": [Function],
    "simulateEvent": [Function],
    "unmount": [Function],
  },
  Symbol(enzyme.__node__): Object {
    "instance": null,
    "key": undefined,
    "nodeType": "host",
    "props": Object {
      "children": Array [
        <div
          className="panel__heading"
          onClick={[Function]}
>
          <h3
                    className="panel__heading-header"
          />
</div>,
        <div
          className="panel__content"
>
          <span>
                    foo
          </span>
</div>,
      ],
      "className": "panel",
      "style": Object {
        "borderColor": null,
      },
    },
    "ref": null,
    "rendered": Array [
      Object {
        "instance": null,
        "key": undefined,
        "nodeType": "host",
        "props": Object {
          "children": <h3
            className="panel__heading-header"
/>,
          "className": "panel__heading",
          "onClick": [Function],
        },
        "ref": null,
        "rendered": Object {
          "instance": null,
          "key": undefined,
          "nodeType": "host",
          "props": Object {
            "children": "",
            "className": "panel__heading-header",
          },
          "ref": null,
          "rendered": "",
          "type": "h3",
        },
        "type": "div",
      },
      Object {
        "instance": null,
        "key": undefined,
        "nodeType": "host",
        "props": Object {
          "children": <span>
            foo
</span>,
          "className": "panel__content",
        },
        "ref": null,
        "rendered": Object {
          "instance": null,
          "key": undefined,
          "nodeType": "host",
          "props": Object {
            "children": "foo",
          },
          "ref": null,
          "rendered": "foo",
          "type": "span",
        },
        "type": "div",
      },
    ],
    "type": "div",
  },
  Symbol(enzyme.__nodes__): Array [
    Object {
      "instance": null,
      "key": undefined,
      "nodeType": "host",
      "props": Object {
        "children": Array [
          <div
            className="panel__heading"
            onClick={[Function]}
>
            <h3
                        className="panel__heading-header"
            />
</div>,
          <div
            className="panel__content"
>
            <span>
                        foo
            </span>
</div>,
        ],
        "className": "panel",
        "style": Object {
          "borderColor": null,
        },
      },
      "ref": null,
      "rendered": Array [
        Object {
          "instance": null,
          "key": undefined,
          "nodeType": "host",
          "props": Object {
            "children": <h3
              className="panel__heading-header"
/>,
            "className": "panel__heading",
            "onClick": [Function],
          },
          "ref": null,
          "rendered": Object {
            "instance": null,
            "key": undefined,
            "nodeType": "host",
            "props": Object {
              "children": "",
              "className": "panel__heading-header",
            },
            "ref": null,
            "rendered": "",
            "type": "h3",
          },
          "type": "div",
        },
        Object {
          "instance": null,
          "key": undefined,
          "nodeType": "host",
          "props": Object {
            "children": <span>
              foo
</span>,
            "className": "panel__content",
          },
          "ref": null,
          "rendered": Object {
            "instance": null,
            "key": undefined,
            "nodeType": "host",
            "props": Object {
              "children": "foo",
            },
            "ref": null,
            "rendered": "foo",
            "type": "span",
          },
          "type": "div",
        },
      ],
      "type": "div",
    },
  ],
  Symbol(enzyme.__options__): Object {
    "adapter": ReactSixteenAdapter {
      "options": Object {
        "enableComponentDidUpdateOnSetState": true,
      },
    },
  },
}
`;
