// Jest Snapshot v1, https://goo.gl/fbAQLP

exports[`<EdgeLayout /> renders ok 1`] = `
ShallowWrapper {
  "length": 1,
  Symbol(enzyme.__root__): [Circular],
  Symbol(enzyme.__unrendered__): <EdgeLayout
    displayEdges={Array []}
    edgeCoords={
      Array [
        Object {
          "from": Object {
            "x": 100,
            "y": 100,
          },
          "key": "foo_bar_baz",
          "to": Object {
            "x": 100,
            "y": 100,
          },
        },
      ]
    }
    prompt={
      Object {
        "edges": Object {},
      }
    }
    stage={Object {}}
  />,
  Symbol(enzyme.__renderer__): Object {
    "batchedUpdates": [Function],
    "getNode": [Function],
    "render": [Function],
    "simulateEvent": [Function],
    "unmount": [Function],
  },
  Symbol(enzyme.__node__): Object {
    "instance": null,
    "key": undefined,
    "nodeType": "host",
    "props": Object {
      "children": <svg
        preserveAspectRatio="none"
        viewBox="0 0 100 100"
        xmlns="http://www.w3.org/2000/svg"
      />,
      "className": "edge-layout",
    },
    "ref": null,
    "rendered": Object {
      "instance": null,
      "key": undefined,
      "nodeType": "host",
      "props": Object {
        "children": Array [],
        "preserveAspectRatio": "none",
        "viewBox": "0 0 100 100",
        "xmlns": "http://www.w3.org/2000/svg",
      },
      "ref": null,
      "rendered": Array [],
      "type": "svg",
    },
    "type": "div",
  },
  Symbol(enzyme.__nodes__): Array [
    Object {
      "instance": null,
      "key": undefined,
      "nodeType": "host",
      "props": Object {
        "children": <svg
          preserveAspectRatio="none"
          viewBox="0 0 100 100"
          xmlns="http://www.w3.org/2000/svg"
        />,
        "className": "edge-layout",
      },
      "ref": null,
      "rendered": Object {
        "instance": null,
        "key": undefined,
        "nodeType": "host",
        "props": Object {
          "children": Array [],
          "preserveAspectRatio": "none",
          "viewBox": "0 0 100 100",
          "xmlns": "http://www.w3.org/2000/svg",
        },
        "ref": null,
        "rendered": Array [],
        "type": "svg",
      },
      "type": "div",
    },
  ],
  Symbol(enzyme.__options__): Object {
    "adapter": ReactSixteenAdapter {
      "options": Object {
        "enableComponentDidUpdateOnSetState": true,
      },
    },
  },
}
`;
